// Jest Snapshot v1, https://goo.gl/fbAQLP

exports[`renders correctly 1`] = `
<div
  className="Example"
>
  <div
    className="Nested"
  >
    <div
      className="Nested2"
      onClick="propogated"
    />
  </div>
</div>
`;
